// Jest Snapshot v1, https://goo.gl/fbAQLP

exports[`builds a default query 1`] = `
{
  "_source": [],
  "aggs": {
    "attachments": {
      "aggs": {
        "count": {
          "cardinality": {
            "field": "attachments",
          },
        },
        "values": {
          "terms": {
            "field": "attachments",
            "size": 44,
          },
        },
      },
      "filter": {
        "bool": {},
      },
    },
    "content-type": {
      "aggs": {
        "count": {
          "cardinality": {
            "field": "content-type",
          },
        },
        "values": {
          "terms": {
            "field": "content-type",
            "size": 44,
          },
        },
      },
      "filter": {
        "bool": {},
      },
    },
    "date": {
      "aggs": {
        "count": {
          "cardinality": {
            "field": "date",
          },
        },
        "values": {
          "aggs": {
            "bucket_truncate": {
              "bucket_sort": {
                "from": 0,
                "size": 44,
              },
            },
          },
          "date_histogram": {
            "field": "date",
            "interval": "year",
            "min_doc_count": 1,
            "order": {
              "_key": "desc",
            },
          },
        },
      },
      "filter": {
        "bool": {},
      },
    },
    "date-created": {
      "aggs": {
        "count": {
          "cardinality": {
            "field": "date-created",
          },
        },
        "values": {
          "aggs": {
            "bucket_truncate": {
              "bucket_sort": {
                "from": 0,
                "size": 44,
              },
            },
          },
          "date_histogram": {
            "field": "date-created",
            "interval": "year",
            "min_doc_count": 1,
            "order": {
              "_key": "desc",
            },
          },
        },
      },
      "filter": {
        "bool": {},
      },
    },
    "detected-objects.object.keyword": {
      "aggs": {
        "count": {
          "cardinality": {
            "field": "detected-objects.object.keyword",
          },
        },
        "values": {
          "terms": {
            "field": "detected-objects.object.keyword",
            "size": 44,
          },
        },
      },
      "filter": {
        "bool": {},
      },
    },
    "email-domains": {
      "aggs": {
        "count": {
          "cardinality": {
            "field": "email-domains",
          },
        },
        "values": {
          "terms": {
            "field": "email-domains",
            "size": 44,
          },
        },
      },
      "filter": {
        "bool": {},
      },
    },
    "entity-type.event.keyword": {
      "aggs": {
        "count": {
          "cardinality": {
            "field": "entity-type.event.keyword",
          },
        },
        "values": {
          "terms": {
            "field": "entity-type.event.keyword",
            "size": 44,
          },
        },
      },
      "filter": {
        "bool": {},
      },
    },
    "entity-type.location.keyword": {
      "aggs": {
        "count": {
          "cardinality": {
            "field": "entity-type.location.keyword",
          },
        },
        "values": {
          "terms": {
            "field": "entity-type.location.keyword",
            "size": 44,
          },
        },
      },
      "filter": {
        "bool": {},
      },
    },
    "entity-type.money.keyword": {
      "aggs": {
        "count": {
          "cardinality": {
            "field": "entity-type.money.keyword",
          },
        },
        "values": {
          "terms": {
            "field": "entity-type.money.keyword",
            "size": 44,
          },
        },
      },
      "filter": {
        "bool": {},
      },
    },
    "entity-type.organization.keyword": {
      "aggs": {
        "count": {
          "cardinality": {
            "field": "entity-type.organization.keyword",
          },
        },
        "values": {
          "terms": {
            "field": "entity-type.organization.keyword",
            "size": 44,
          },
        },
      },
      "filter": {
        "bool": {},
      },
    },
    "entity-type.person.keyword": {
      "aggs": {
        "count": {
          "cardinality": {
            "field": "entity-type.person.keyword",
          },
        },
        "values": {
          "terms": {
            "field": "entity-type.person.keyword",
            "size": 44,
          },
        },
      },
      "filter": {
        "bool": {},
      },
    },
    "entity.keyword": {
      "aggs": {
        "count": {
          "cardinality": {
            "field": "entity.keyword",
          },
        },
        "values": {
          "terms": {
            "field": "entity.keyword",
            "size": 44,
          },
        },
      },
      "filter": {
        "bool": {},
      },
    },
    "filetype": {
      "aggs": {
        "count": {
          "cardinality": {
            "field": "filetype",
          },
        },
        "values": {
          "terms": {
            "field": "filetype",
            "size": 44,
          },
        },
      },
      "filter": {
        "bool": {},
      },
    },
    "from.keyword": {
      "aggs": {
        "count": {
          "cardinality": {
            "field": "from.keyword",
          },
        },
        "values": {
          "terms": {
            "field": "from.keyword",
            "size": 44,
          },
        },
      },
      "filter": {
        "bool": {},
      },
    },
    "image-classes.class.keyword": {
      "aggs": {
        "count": {
          "cardinality": {
            "field": "image-classes.class.keyword",
          },
        },
        "values": {
          "terms": {
            "field": "image-classes.class.keyword",
            "size": 44,
          },
        },
      },
      "filter": {
        "bool": {},
      },
    },
    "is-table": {
      "aggs": {
        "count": {
          "cardinality": {
            "field": "is-table",
          },
        },
        "values": {
          "terms": {
            "field": "is-table",
            "size": 44,
          },
        },
      },
      "filter": {
        "bool": {},
      },
    },
    "lang": {
      "aggs": {
        "count": {
          "cardinality": {
            "field": "lang",
          },
        },
        "values": {
          "terms": {
            "field": "lang",
            "size": 44,
          },
        },
      },
      "filter": {
        "bool": {},
      },
    },
    "ocr": {
      "aggs": {
        "count": {
          "cardinality": {
            "field": "ocr",
          },
        },
        "values": {
          "terms": {
            "field": "ocr",
            "size": 44,
          },
        },
      },
      "filter": {
        "bool": {},
      },
    },
    "ocrimage": {
      "aggs": {
        "count": {
          "cardinality": {
            "field": "ocrimage",
          },
        },
        "values": {
          "terms": {
            "field": "ocrimage",
            "size": 44,
          },
        },
      },
      "filter": {
        "bool": {},
      },
    },
    "ocrpdf": {
      "aggs": {
        "count": {
          "cardinality": {
            "field": "ocrpdf",
          },
        },
        "values": {
          "terms": {
            "field": "ocrpdf",
            "size": 44,
          },
        },
      },
      "filter": {
        "bool": {},
      },
    },
    "path-parts": {
      "aggs": {
        "count": {
          "cardinality": {
            "field": "path-parts",
          },
        },
        "values": {
          "terms": {
            "field": "path-parts",
            "size": 44,
          },
        },
      },
      "filter": {
        "bool": {},
      },
    },
    "pgp": {
      "aggs": {
        "count": {
          "cardinality": {
            "field": "pgp",
          },
        },
        "values": {
          "terms": {
            "field": "pgp",
            "size": 44,
          },
        },
      },
      "filter": {
        "bool": {},
      },
    },
    "priv-tags": {
      "aggs": {
        "count": {
          "cardinality": {
            "field": "priv-tags",
          },
        },
        "values": {
          "terms": {
            "field": "priv-tags.testuser",
            "size": 44,
          },
        },
      },
      "filter": {
        "bool": {},
      },
    },
    "size": {
      "aggs": {
        "count": {
          "cardinality": {
            "field": "size",
          },
        },
        "values": {
          "range": {
            "field": "size",
            "ranges": [
              {
                "from": "0",
                "key": "0-1",
                "to": "1",
              },
              {
                "from": "1",
                "key": "1-1000",
                "to": "1000",
              },
              {
                "from": "1000",
                "key": "1000-500000",
                "to": "500000",
              },
              {
                "from": "500000",
                "key": "500000-1000000",
                "to": "1000000",
              },
              {
                "from": "1000000",
                "key": "1000000-500000000",
                "to": "500000000",
              },
              {
                "from": "500000000",
                "key": "500000000-1000000000",
                "to": "1000000000",
              },
              {
                "from": "1000000000",
                "key": "1000000000-*",
              },
            ],
          },
        },
      },
      "filter": {
        "bool": {},
      },
    },
    "skipped": {
      "aggs": {
        "count": {
          "cardinality": {
            "field": "skipped",
          },
        },
        "values": {
          "terms": {
            "field": "skipped",
            "size": 44,
          },
        },
      },
      "filter": {
        "bool": {},
      },
    },
    "table-col-count": {
      "aggs": {
        "count": {
          "cardinality": {
            "field": "table-col-count",
          },
        },
        "values": {
          "range": {
            "field": "table-col-count",
            "ranges": [
              {
                "from": "0",
                "key": "0-1",
                "to": "1",
              },
              {
                "from": "1",
                "key": "1-3",
                "to": "3",
              },
              {
                "from": "4",
                "key": "4-9",
                "to": "9",
              },
              {
                "from": "10",
                "key": "10-29",
                "to": "29",
              },
              {
                "from": "30",
                "key": "30-99",
                "to": "99",
              },
              {
                "from": "100",
                "key": "100-*",
              },
            ],
          },
        },
      },
      "filter": {
        "bool": {},
      },
    },
    "table-columns": {
      "aggs": {
        "count": {
          "cardinality": {
            "field": "table-columns",
          },
        },
        "values": {
          "terms": {
            "field": "table-columns",
            "size": 44,
          },
        },
      },
      "filter": {
        "bool": {},
      },
    },
    "table-row-count": {
      "aggs": {
        "count": {
          "cardinality": {
            "field": "table-row-count",
          },
        },
        "values": {
          "range": {
            "field": "table-row-count",
            "ranges": [
              {
                "from": "0",
                "key": "0-1",
                "to": "1",
              },
              {
                "from": "1",
                "key": "1-9",
                "to": "9",
              },
              {
                "from": "10",
                "key": "10-99",
                "to": "99",
              },
              {
                "from": "100",
                "key": "100-999",
                "to": "999",
              },
              {
                "from": "1000",
                "key": "1000-9999",
                "to": "9999",
              },
              {
                "from": "10000",
                "key": "10000-99999",
                "to": "99999",
              },
              {
                "from": "100000",
                "key": "100000-999999",
                "to": "999999",
              },
              {
                "from": "1000000",
                "key": "1000000-*",
              },
            ],
          },
        },
      },
      "filter": {
        "bool": {},
      },
    },
    "table-sheet-count": {
      "aggs": {
        "count": {
          "cardinality": {
            "field": "table-sheet-count",
          },
        },
        "values": {
          "range": {
            "field": "table-sheet-count",
            "ranges": [
              {
                "from": "0",
                "key": "0-1",
                "to": "1",
              },
              {
                "from": "1",
                "key": "1-3",
                "to": "3",
              },
              {
                "from": "4",
                "key": "4-9",
                "to": "9",
              },
              {
                "from": "10",
                "key": "10-29",
                "to": "29",
              },
              {
                "from": "30",
                "key": "30-99",
                "to": "99",
              },
              {
                "from": "100",
                "key": "100-*",
              },
            ],
          },
        },
      },
      "filter": {
        "bool": {},
      },
    },
    "table-sheets": {
      "aggs": {
        "count": {
          "cardinality": {
            "field": "table-sheets",
          },
        },
        "values": {
          "terms": {
            "field": "table-sheets",
            "size": 44,
          },
        },
      },
      "filter": {
        "bool": {},
      },
    },
    "tags": {
      "aggs": {
        "count": {
          "cardinality": {
            "field": "tags",
          },
        },
        "values": {
          "terms": {
            "field": "tags",
            "size": 44,
          },
        },
      },
      "filter": {
        "bool": {},
      },
    },
    "to.keyword": {
      "aggs": {
        "count": {
          "cardinality": {
            "field": "to.keyword",
          },
        },
        "values": {
          "terms": {
            "field": "to.keyword",
            "size": 44,
          },
        },
      },
      "filter": {
        "bool": {},
      },
    },
    "translated-from": {
      "aggs": {
        "count": {
          "cardinality": {
            "field": "translated-from",
          },
        },
        "values": {
          "terms": {
            "field": "translated-from",
            "size": 44,
          },
        },
      },
      "filter": {
        "bool": {},
      },
    },
    "translated-to": {
      "aggs": {
        "count": {
          "cardinality": {
            "field": "translated-to",
          },
        },
        "values": {
          "terms": {
            "field": "translated-to",
            "size": 44,
          },
        },
      },
      "filter": {
        "bool": {},
      },
    },
    "word-count": {
      "aggs": {
        "count": {
          "cardinality": {
            "field": "word-count",
          },
        },
        "values": {
          "range": {
            "field": "word-count",
            "ranges": [
              {
                "from": "0",
                "key": "0-1",
                "to": "1",
              },
              {
                "from": "1",
                "key": "1-9",
                "to": "9",
              },
              {
                "from": "10",
                "key": "10-99",
                "to": "99",
              },
              {
                "from": "100",
                "key": "100-999",
                "to": "999",
              },
              {
                "from": "1000",
                "key": "1000-9999",
                "to": "9999",
              },
              {
                "from": "10000",
                "key": "10000-99999",
                "to": "99999",
              },
              {
                "from": "100000",
                "key": "100000-999999",
                "to": "999999",
              },
              {
                "from": "1000000",
                "key": "1000000-*",
              },
            ],
          },
        },
      },
      "filter": {
        "bool": {},
      },
    },
  },
  "collections": [],
  "dedup_collections": undefined,
  "from": 0,
  "highlight": {
    "fields": {},
  },
  "post_filter": {
    "bool": {},
  },
  "query": {
    "query_string": {
      "default_operator": "AND",
      "fields": [],
      "lenient": true,
      "query": "*",
    },
  },
  "size": 0,
  "sort": [],
}
`;
